
> projeto@0.0.0 test
> vitest --run src/utils/__tests__/authSecurity.test.js

node.exe : [33m[PLUGIN_TIMINGS] Warning:[0m Your build spent significant 
time in plugin `externalize-deps`. See 
https://rolldown.rs/options/checks#plugintimings for more details.
No linha:1 caractere:1
+ & "C:\Program Files\nodejs/node.exe" "C:\Program Files\nodejs/node_mo ...
+ ~~~~~~~~~~~~~~~~~~~~~~~~~~~~~~~~~~~~~~~~~~~~~~~~~~~~~~~~~~~~~~~~~~~~~
    + CategoryInfo          : NotSpecified: ([33m[PLUGIN_TI...r more details. 
   :String) [], RemoteException
    + FullyQualifiedErrorId : NativeCommandError
 


[1m[46m RUN [49m[22m [36mv4.1.2 [39m[90mC:/Workspace/Projeto[39m

 [32mÔ£ô[39m src/utils/__tests__/authSecurity.test.js [2m([22m[2m5 tests[22m[2m)[22m[32m 6[2mms[22m[39m

[2m Test Files [22m [1m[32m1 passed[39m[22m[90m (1)[39m
[2m      Tests [22m [1m[32m5 passed[39m[22m[90m (5)[39m
[2m   Start at [22m 12:31:34
[2m   Duration [22m 7.14s[2m (transform 34ms, setup 0ms, import 50ms, tests 6ms, environment 1.13s)[22m

